[INFO] Scanning for projects...
[INFO] 
[INFO] ---------------------< com.medical:medical-system >---------------------
[INFO] Building medical-system 0.0.1-SNAPSHOT
[INFO]   from pom.xml
[INFO] --------------------------------[ jar ]---------------------------------
[INFO] 
[INFO] --- resources:3.3.1:resources (default-resources) @ medical-system ---
[INFO] Copying 1 resource from src\main\resources to target\classes
[INFO] Copying 0 resource from src\main\resources to target\classes
[INFO] 
[INFO] --- compiler:3.14.1:compile (default-compile) @ medical-system ---
[INFO] Recompiling the module because of changed source code.
[INFO] Compiling 48 source files with javac [debug parameters release 21] to target\classes
[INFO] -------------------------------------------------------------
[ERROR] COMPILATION ERROR : 
[INFO] -------------------------------------------------------------
[ERROR] /D:/J2EE/do-an-cuoi-ki/medical-system/src/main/java/com/medical/service/MedicalRecordService.java:[3,34] package com.fasterxml.jackson.core does not exist
[ERROR] /D:/J2EE/do-an-cuoi-ki/medical-system/src/main/java/com/medical/service/MedicalRecordService.java:[4,39] package com.fasterxml.jackson.core.type does not exist
[ERROR] /D:/J2EE/do-an-cuoi-ki/medical-system/src/main/java/com/medical/service/MedicalRecordService.java:[5,38] package com.fasterxml.jackson.databind does not exist
[ERROR] /D:/J2EE/do-an-cuoi-ki/medical-system/src/main/java/com/medical/service/MedicalRecordService.java:[31,19] cannot find symbol
  symbol:   class ObjectMapper
  location: class com.medical.service.MedicalRecordService
[ERROR] /D:/J2EE/do-an-cuoi-ki/medical-system/src/main/java/com/medical/service/MedicalRecordService.java:[24,1] cannot find symbol
  symbol:   class ObjectMapper
  location: class com.medical.service.MedicalRecordService
[INFO] 5 errors 
[INFO] -------------------------------------------------------------
[INFO] ------------------------------------------------------------------------
[INFO] BUILD FAILURE
[INFO] ------------------------------------------------------------------------
[INFO] Total time:  4.344 s
[INFO] Finished at: 2026-03-28T01:06:57+07:00
[INFO] ------------------------------------------------------------------------
[ERROR] Failed to execute goal org.apache.maven.plugins:maven-compiler-plugin:3.14.1:compile (default-compile) on project medical-system: Compilation failure: Compilation failure: 
[ERROR] /D:/J2EE/do-an-cuoi-ki/medical-system/src/main/java/com/medical/service/MedicalRecordService.java:[3,34] package com.fasterxml.jackson.core does not exist
[ERROR] /D:/J2EE/do-an-cuoi-ki/medical-system/src/main/java/com/medical/service/MedicalRecordService.java:[4,39] package com.fasterxml.jackson.core.type does not exist
[ERROR] /D:/J2EE/do-an-cuoi-ki/medical-system/src/main/java/com/medical/service/MedicalRecordService.java:[5,38] package com.fasterxml.jackson.databind does not exist
[ERROR] /D:/J2EE/do-an-cuoi-ki/medical-system/src/main/java/com/medical/service/MedicalRecordService.java:[31,19] cannot find symbol
[ERROR]   symbol:   class ObjectMapper
[ERROR]   location: class com.medical.service.MedicalRecordService
[ERROR] /D:/J2EE/do-an-cuoi-ki/medical-system/src/main/java/com/medical/service/MedicalRecordService.java:[24,1] cannot find symbol
[ERROR]   symbol:   class ObjectMapper
[ERROR]   location: class com.medical.service.MedicalRecordService
[ERROR] -> [Help 1]
[ERROR] 
[ERROR] To see the full stack trace of the errors, re-run Maven with the -e switch.
[ERROR] Re-run Maven using the -X switch to enable full debug logging.
[ERROR] 
[ERROR] For more information about the errors and possible solutions, please read the following articles:
[ERROR] [Help 1] http://cwiki.apache.org/confluence/display/MAVEN/MojoFailureException
