[INFO] Scanning for projects...
[INFO] 
[INFO] ---------------------< com.medical:medical-system >---------------------
[INFO] Building medical-system 0.0.1-SNAPSHOT
[INFO]   from pom.xml
[INFO] --------------------------------[ jar ]---------------------------------
[INFO] 
[INFO] --- clean:3.3.2:clean (default-clean) @ medical-system ---
[INFO] Deleting D:\J2EE\do-an-cuoi-ki\medical-system\target
[INFO] 
[INFO] --- resources:3.3.1:resources (default-resources) @ medical-system ---
[INFO] Copying 1 resource from src\main\resources to target\classes
[INFO] Copying 0 resource from src\main\resources to target\classes
[INFO] 
[INFO] --- compiler:3.11.0:compile (default-compile) @ medical-system ---
[INFO] Changes detected - recompiling the module! :source
[INFO] Compiling 50 source files with javac [debug release 21] to target\classes
[INFO] ------------------------------------------------------------------------
[INFO] BUILD SUCCESS
[INFO] ------------------------------------------------------------------------
[INFO] Total time:  5.367 s
[INFO] Finished at: 2026-04-09T01:30:45+07:00
[INFO] ------------------------------------------------------------------------
